C:\Program Files\dotnet\packs\Microsoft.Android.Sdk.Windows\36.1.69\tools\Xamarin.Android.Aapt2.targets(123,3): error APT2098: mipmap-xxxhdpi_appicon_foreground.png.flat: error: failed to open file. "mipmap-xxxhdpi_appicon_foreground.png.flat: error: failed to open file.". [D:\Projetos\Money.Mobile\Money\Money.csproj::TargetFramework=net10.0-android]
C:\Program Files\dotnet\packs\Microsoft.Android.Sdk.Windows\36.1.69\tools\Xamarin.Android.Aapt2.targets(123,3): error APT2098:  [D:\Projetos\Money.Mobile\Money\Money.csproj::TargetFramework=net10.0-android]
Resources\izetizer\r\mipmap-xxxhdpi\appicon_foreground.png : error APT2261: file failed to compile. [D:\Projetos\Money.Mobile\Money\Money.csproj::TargetFramework=net10.0-android]
Resources\izetizer\r\mipmap-xxxhdpi\appicon_foreground.png : error APT2261:  [D:\Projetos\Money.Mobile\Money\Money.csproj::TargetFramework=net10.0-android]
C:\Program Files\dotnet\packs\Microsoft.Android.Sdk.Windows\36.1.69\tools\Xamarin.Android.Aapt2.targets(123,3): error APT2098: mipmap-xxxhdpi_appicon.png.flat: error: failed to open file. "mipmap-xxxhdpi_appicon.png.flat: error: failed to open file.". [D:\Projetos\Money.Mobile\Money\Money.csproj::TargetFramework=net10.0-android]
C:\Program Files\dotnet\packs\Microsoft.Android.Sdk.Windows\36.1.69\tools\Xamarin.Android.Aapt2.targets(123,3): error APT2098:  [D:\Projetos\Money.Mobile\Money\Money.csproj::TargetFramework=net10.0-android]
Resources\izetizer\r\mipmap-xxxhdpi\appicon.png : error APT2261: file failed to compile. [D:\Projetos\Money.Mobile\Money\Money.csproj::TargetFramework=net10.0-android]
Resources\izetizer\r\mipmap-xxxhdpi\appicon.png : error APT2261:  [D:\Projetos\Money.Mobile\Money\Money.csproj::TargetFramework=net10.0-android]
C:\Program Files\dotnet\packs\Microsoft.Android.Sdk.Windows\36.1.69\tools\Xamarin.Android.Aapt2.targets(123,3): error APT2098: mipmap-xxhdpi_appicon.png.flat: error: failed to open file. "mipmap-xxhdpi_appicon.png.flat: error: failed to open file.". [D:\Projetos\Money.Mobile\Money\Money.csproj::TargetFramework=net10.0-android]
C:\Program Files\dotnet\packs\Microsoft.Android.Sdk.Windows\36.1.69\tools\Xamarin.Android.Aapt2.targets(123,3): error APT2098:  [D:\Projetos\Money.Mobile\Money\Money.csproj::TargetFramework=net10.0-android]
Resources\izetizer\r\mipmap-xxhdpi\appicon.png : error APT2261: file failed to compile. [D:\Projetos\Money.Mobile\Money\Money.csproj::TargetFramework=net10.0-android]
Resources\izetizer\r\mipmap-xxhdpi\appicon.png : error APT2261:  [D:\Projetos\Money.Mobile\Money\Money.csproj::TargetFramework=net10.0-android]
C:\Program Files\dotnet\packs\Microsoft.Android.Sdk.Windows\36.1.69\tools\Xamarin.Android.Aapt2.targets(123,3): error APT2098: mipmap-hdpi_appicon_round.png.flat: error: failed to open file. "mipmap-hdpi_appicon_round.png.flat: error: failed to open file.". [D:\Projetos\Money.Mobile\Money\Money.csproj::TargetFramework=net10.0-android]
C:\Program Files\dotnet\packs\Microsoft.Android.Sdk.Windows\36.1.69\tools\Xamarin.Android.Aapt2.targets(123,3): error APT2098:  [D:\Projetos\Money.Mobile\Money\Money.csproj::TargetFramework=net10.0-android]
Resources\izetizer\r\mipmap-hdpi\appicon_round.png : error APT2261: file failed to compile. [D:\Projetos\Money.Mobile\Money\Money.csproj::TargetFramework=net10.0-android]
Resources\izetizer\r\mipmap-hdpi\appicon_round.png : error APT2261:  [D:\Projetos\Money.Mobile\Money\Money.csproj::TargetFramework=net10.0-android]
C:\Program Files\dotnet\packs\Microsoft.Android.Sdk.Windows\36.1.69\tools\Xamarin.Android.Aapt2.targets(123,3): error APT2098: mipmap-hdpi_appicon_background.png.flat: error: failed to open file. "mipmap-hdpi_appicon_background.png.flat: error: failed to open file.". [D:\Projetos\Money.Mobile\Money\Money.csproj::TargetFramework=net10.0-android]
C:\Program Files\dotnet\packs\Microsoft.Android.Sdk.Windows\36.1.69\tools\Xamarin.Android.Aapt2.targets(123,3): error APT2098:  [D:\Projetos\Money.Mobile\Money\Money.csproj::TargetFramework=net10.0-android]
Resources\izetizer\r\mipmap-hdpi\appicon_background.png : error APT2261: file failed to compile. [D:\Projetos\Money.Mobile\Money\Money.csproj::TargetFramework=net10.0-android]
Resources\izetizer\r\mipmap-hdpi\appicon_background.png : error APT2261:  [D:\Projetos\Money.Mobile\Money\Money.csproj::TargetFramework=net10.0-android]
C:\Program Files\dotnet\packs\Microsoft.Android.Sdk.Windows\36.1.69\tools\Xamarin.Android.Aapt2.targets(123,3): error APT2098: mipmap-anydpi-v26_appicon_round.xml.flat: error: failed to open file. "mipmap-anydpi-v26_appicon_round.xml.flat: error: failed to open file.". [D:\Projetos\Money.Mobile\Money\Money.csproj::TargetFramework=net10.0-android]
C:\Program Files\dotnet\packs\Microsoft.Android.Sdk.Windows\36.1.69\tools\Xamarin.Android.Aapt2.targets(123,3): error APT2098:  [D:\Projetos\Money.Mobile\Money\Money.csproj::TargetFramework=net10.0-android]
Resources\izetizer\r\mipmap-anydpi-v26\appicon_round.xml : error APT2261: file failed to compile. [D:\Projetos\Money.Mobile\Money\Money.csproj::TargetFramework=net10.0-android]
Resources\izetizer\r\mipmap-anydpi-v26\appicon_round.xml : error APT2261:  [D:\Projetos\Money.Mobile\Money\Money.csproj::TargetFramework=net10.0-android]
C:\Program Files\dotnet\packs\Microsoft.Android.Sdk.Windows\36.1.69\tools\Xamarin.Android.Aapt2.targets(123,3): error APT2098: mipmap-anydpi-v26_appicon.xml.flat: error: failed to open file. "mipmap-anydpi-v26_appicon.xml.flat: error: failed to open file.". [D:\Projetos\Money.Mobile\Money\Money.csproj::TargetFramework=net10.0-android]
C:\Program Files\dotnet\packs\Microsoft.Android.Sdk.Windows\36.1.69\tools\Xamarin.Android.Aapt2.targets(123,3): error APT2098:  [D:\Projetos\Money.Mobile\Money\Money.csproj::TargetFramework=net10.0-android]
Resources\izetizer\r\mipmap-anydpi-v26\appicon.xml : error APT2261: file failed to compile. [D:\Projetos\Money.Mobile\Money\Money.csproj::TargetFramework=net10.0-android]
Resources\izetizer\r\mipmap-anydpi-v26\appicon.xml : error APT2261:  [D:\Projetos\Money.Mobile\Money\Money.csproj::TargetFramework=net10.0-android]
C:\Program Files\dotnet\packs\Microsoft.Android.Sdk.Windows\36.1.69\tools\Xamarin.Android.Aapt2.targets(123,3): error APT2098: drawable-xxxhdpi_splash.png.flat: error: failed to open file. "drawable-xxxhdpi_splash.png.flat: error: failed to open file.". [D:\Projetos\Money.Mobile\Money\Money.csproj::TargetFramework=net10.0-android]
C:\Program Files\dotnet\packs\Microsoft.Android.Sdk.Windows\36.1.69\tools\Xamarin.Android.Aapt2.targets(123,3): error APT2098:  [D:\Projetos\Money.Mobile\Money\Money.csproj::TargetFramework=net10.0-android]
Resources\izetizer\sp\drawable-xxxhdpi\splash.png : error APT2261: file failed to compile. [D:\Projetos\Money.Mobile\Money\Money.csproj::TargetFramework=net10.0-android]
Resources\izetizer\sp\drawable-xxxhdpi\splash.png : error APT2261:  [D:\Projetos\Money.Mobile\Money\Money.csproj::TargetFramework=net10.0-android]
C:\Program Files\dotnet\packs\Microsoft.Android.Sdk.Windows\36.1.69\tools\Xamarin.Android.Aapt2.targets(123,3): error APT2098: drawable-xxhdpi_splash.png.flat: error: failed to open file. "drawable-xxhdpi_splash.png.flat: error: failed to open file.". [D:\Projetos\Money.Mobile\Money\Money.csproj::TargetFramework=net10.0-android]
C:\Program Files\dotnet\packs\Microsoft.Android.Sdk.Windows\36.1.69\tools\Xamarin.Android.Aapt2.targets(123,3): error APT2098:  [D:\Projetos\Money.Mobile\Money\Money.csproj::TargetFramework=net10.0-android]
Resources\izetizer\sp\drawable-xxhdpi\splash.png : error APT2261: file failed to compile. [D:\Projetos\Money.Mobile\Money\Money.csproj::TargetFramework=net10.0-android]
Resources\izetizer\sp\drawable-xxhdpi\splash.png : error APT2261:  [D:\Projetos\Money.Mobile\Money\Money.csproj::TargetFramework=net10.0-android]
C:\Program Files\dotnet\packs\Microsoft.Android.Sdk.Windows\36.1.69\tools\Xamarin.Android.Aapt2.targets(123,3): error APT2098: drawable-v31_maui_splash_image.xml.flat: error: failed to open file. "drawable-v31_maui_splash_image.xml.flat: error: failed to open file.". [D:\Projetos\Money.Mobile\Money\Money.csproj::TargetFramework=net10.0-android]
C:\Program Files\dotnet\packs\Microsoft.Android.Sdk.Windows\36.1.69\tools\Xamarin.Android.Aapt2.targets(123,3): error APT2098:  [D:\Projetos\Money.Mobile\Money\Money.csproj::TargetFramework=net10.0-android]
Resources\izetizer\sp\drawable-v31\maui_splash_image.xml : error APT2261: file failed to compile. [D:\Projetos\Money.Mobile\Money\Money.csproj::TargetFramework=net10.0-android]
Resources\izetizer\sp\drawable-v31\maui_splash_image.xml : error APT2261:  [D:\Projetos\Money.Mobile\Money\Money.csproj::TargetFramework=net10.0-android]
C:\Program Files\dotnet\packs\Microsoft.Android.Sdk.Windows\36.1.69\tools\Xamarin.Android.Aapt2.targets(123,3): error APT2098: drawable_maui_splash_image.xml.flat: error: failed to open file. "drawable_maui_splash_image.xml.flat: error: failed to open file.". [D:\Projetos\Money.Mobile\Money\Money.csproj::TargetFramework=net10.0-android]
C:\Program Files\dotnet\packs\Microsoft.Android.Sdk.Windows\36.1.69\tools\Xamarin.Android.Aapt2.targets(123,3): error APT2098:  [D:\Projetos\Money.Mobile\Money\Money.csproj::TargetFramework=net10.0-android]
Resources\izetizer\sp\drawable\maui_splash_image.xml : error APT2261: file failed to compile. [D:\Projetos\Money.Mobile\Money\Money.csproj::TargetFramework=net10.0-android]
Resources\izetizer\sp\drawable\maui_splash_image.xml : error APT2261:  [D:\Projetos\Money.Mobile\Money\Money.csproj::TargetFramework=net10.0-android]
C:\Program Files\dotnet\packs\Microsoft.Android.Sdk.Windows\36.1.69\tools\Xamarin.Android.Aapt2.targets(123,3): error APT2098: mipmap-xxxhdpi_appicon_background.png.flat: error: failed to open file. "mipmap-xxxhdpi_appicon_background.png.flat: error: failed to open file.". [D:\Projetos\Money.Mobile\Money\Money.csproj::TargetFramework=net10.0-android]
C:\Program Files\dotnet\packs\Microsoft.Android.Sdk.Windows\36.1.69\tools\Xamarin.Android.Aapt2.targets(123,3): error APT2098:  [D:\Projetos\Money.Mobile\Money\Money.csproj::TargetFramework=net10.0-android]
Resources\izetizer\r\mipmap-xxxhdpi\appicon_background.png : error APT2261: file failed to compile. [D:\Projetos\Money.Mobile\Money\Money.csproj::TargetFramework=net10.0-android]
Resources\izetizer\r\mipmap-xxxhdpi\appicon_background.png : error APT2261:  [D:\Projetos\Money.Mobile\Money\Money.csproj::TargetFramework=net10.0-android]
C:\Program Files\dotnet\packs\Microsoft.Android.Sdk.Windows\36.1.69\tools\Xamarin.Android.Aapt2.targets(123,3): error APT2098: mipmap-xxhdpi_appicon_round.png.flat: error: failed to open file. "mipmap-xxhdpi_appicon_round.png.flat: error: failed to open file.". [D:\Projetos\Money.Mobile\Money\Money.csproj::TargetFramework=net10.0-android]
C:\Program Files\dotnet\packs\Microsoft.Android.Sdk.Windows\36.1.69\tools\Xamarin.Android.Aapt2.targets(123,3): error APT2098:  [D:\Projetos\Money.Mobile\Money\Money.csproj::TargetFramework=net10.0-android]
Resources\izetizer\r\mipmap-xxhdpi\appicon_round.png : error APT2261: file failed to compile. [D:\Projetos\Money.Mobile\Money\Money.csproj::TargetFramework=net10.0-android]
Resources\izetizer\r\mipmap-xxhdpi\appicon_round.png : error APT2261:  [D:\Projetos\Money.Mobile\Money\Money.csproj::TargetFramework=net10.0-android]
C:\Program Files\dotnet\packs\Microsoft.Android.Sdk.Windows\36.1.69\tools\Xamarin.Android.Aapt2.targets(123,3): error APT2098: mipmap-xxhdpi_appicon_background.png.flat: error: failed to open file. "mipmap-xxhdpi_appicon_background.png.flat: error: failed to open file.". [D:\Projetos\Money.Mobile\Money\Money.csproj::TargetFramework=net10.0-android]
C:\Program Files\dotnet\packs\Microsoft.Android.Sdk.Windows\36.1.69\tools\Xamarin.Android.Aapt2.targets(123,3): error APT2098:  [D:\Projetos\Money.Mobile\Money\Money.csproj::TargetFramework=net10.0-android]
Resources\izetizer\r\mipmap-xxhdpi\appicon_background.png : error APT2261: file failed to compile. [D:\Projetos\Money.Mobile\Money\Money.csproj::TargetFramework=net10.0-android]
Resources\izetizer\r\mipmap-xxhdpi\appicon_background.png : error APT2261:  [D:\Projetos\Money.Mobile\Money\Money.csproj::TargetFramework=net10.0-android]
C:\Program Files\dotnet\packs\Microsoft.Android.Sdk.Windows\36.1.69\tools\Xamarin.Android.Aapt2.targets(123,3): error APT2098: mipmap-xhdpi_appicon_round.png.flat: error: failed to open file. "mipmap-xhdpi_appicon_round.png.flat: error: failed to open file.". [D:\Projetos\Money.Mobile\Money\Money.csproj::TargetFramework=net10.0-android]
C:\Program Files\dotnet\packs\Microsoft.Android.Sdk.Windows\36.1.69\tools\Xamarin.Android.Aapt2.targets(123,3): error APT2098:  [D:\Projetos\Money.Mobile\Money\Money.csproj::TargetFramework=net10.0-android]
Resources\izetizer\r\mipmap-xhdpi\appicon_round.png : error APT2261: file failed to compile. [D:\Projetos\Money.Mobile\Money\Money.csproj::TargetFramework=net10.0-android]
Resources\izetizer\r\mipmap-xhdpi\appicon_round.png : error APT2261:  [D:\Projetos\Money.Mobile\Money\Money.csproj::TargetFramework=net10.0-android]
C:\Program Files\dotnet\packs\Microsoft.Android.Sdk.Windows\36.1.69\tools\Xamarin.Android.Aapt2.targets(123,3): error APT2098: mipmap-mdpi_appicon.png.flat: error: failed to open file. "mipmap-mdpi_appicon.png.flat: error: failed to open file.". [D:\Projetos\Money.Mobile\Money\Money.csproj::TargetFramework=net10.0-android]
C:\Program Files\dotnet\packs\Microsoft.Android.Sdk.Windows\36.1.69\tools\Xamarin.Android.Aapt2.targets(123,3): error APT2098:  [D:\Projetos\Money.Mobile\Money\Money.csproj::TargetFramework=net10.0-android]
Resources\izetizer\r\mipmap-mdpi\appicon.png : error APT2261: file failed to compile. [D:\Projetos\Money.Mobile\Money\Money.csproj::TargetFramework=net10.0-android]
Resources\izetizer\r\mipmap-mdpi\appicon.png : error APT2261:  [D:\Projetos\Money.Mobile\Money\Money.csproj::TargetFramework=net10.0-android]
C:\Program Files\dotnet\packs\Microsoft.Android.Sdk.Windows\36.1.69\tools\Xamarin.Android.Aapt2.targets(123,3): error APT2098: mipmap-hdpi_appicon_foreground.png.flat: error: failed to open file. "mipmap-hdpi_appicon_foreground.png.flat: error: failed to open file.". [D:\Projetos\Money.Mobile\Money\Money.csproj::TargetFramework=net10.0-android]
C:\Program Files\dotnet\packs\Microsoft.Android.Sdk.Windows\36.1.69\tools\Xamarin.Android.Aapt2.targets(123,3): error APT2098:  [D:\Projetos\Money.Mobile\Money\Money.csproj::TargetFramework=net10.0-android]
Resources\izetizer\r\mipmap-hdpi\appicon_foreground.png : error APT2261: file failed to compile. [D:\Projetos\Money.Mobile\Money\Money.csproj::TargetFramework=net10.0-android]
Resources\izetizer\r\mipmap-hdpi\appicon_foreground.png : error APT2261:  [D:\Projetos\Money.Mobile\Money\Money.csproj::TargetFramework=net10.0-android]
C:\Program Files\dotnet\packs\Microsoft.Android.Sdk.Windows\36.1.69\tools\Xamarin.Android.Aapt2.targets(123,3): error APT2098: mipmap-hdpi_appicon.png.flat: error: failed to open file. "mipmap-hdpi_appicon.png.flat: error: failed to open file.". [D:\Projetos\Money.Mobile\Money\Money.csproj::TargetFramework=net10.0-android]
C:\Program Files\dotnet\packs\Microsoft.Android.Sdk.Windows\36.1.69\tools\Xamarin.Android.Aapt2.targets(123,3): error APT2098:  [D:\Projetos\Money.Mobile\Money\Money.csproj::TargetFramework=net10.0-android]
Resources\izetizer\r\mipmap-hdpi\appicon.png : error APT2261: file failed to compile. [D:\Projetos\Money.Mobile\Money\Money.csproj::TargetFramework=net10.0-android]
Resources\izetizer\r\mipmap-hdpi\appicon.png : error APT2261:  [D:\Projetos\Money.Mobile\Money\Money.csproj::TargetFramework=net10.0-android]
C:\Program Files\dotnet\packs\Microsoft.Android.Sdk.Windows\36.1.69\tools\Xamarin.Android.Aapt2.targets(123,3): error APT2101: values_maui_colors.arsc.flat: error: failed to open. "values_maui_colors.arsc.flat: error: failed to open.". [D:\Projetos\Money.Mobile\Money\Money.csproj::TargetFramework=net10.0-android]
C:\Program Files\dotnet\packs\Microsoft.Android.Sdk.Windows\36.1.69\tools\Xamarin.Android.Aapt2.targets(123,3): error APT2101:  [D:\Projetos\Money.Mobile\Money\Money.csproj::TargetFramework=net10.0-android]
Resources\izetizer\sp\values\maui_colors.xml : error APT2261: file failed to compile. [D:\Projetos\Money.Mobile\Money\Money.csproj::TargetFramework=net10.0-android]
Resources\izetizer\sp\values\maui_colors.xml : error APT2261:  [D:\Projetos\Money.Mobile\Money\Money.csproj::TargetFramework=net10.0-android]
C:\Program Files\dotnet\packs\Microsoft.Android.Sdk.Windows\36.1.69\tools\Xamarin.Android.Aapt2.targets(123,3): error APT2098: drawable-xhdpi_splash.png.flat: error: failed to open file. "drawable-xhdpi_splash.png.flat: error: failed to open file.". [D:\Projetos\Money.Mobile\Money\Money.csproj::TargetFramework=net10.0-android]
C:\Program Files\dotnet\packs\Microsoft.Android.Sdk.Windows\36.1.69\tools\Xamarin.Android.Aapt2.targets(123,3): error APT2098:  [D:\Projetos\Money.Mobile\Money\Money.csproj::TargetFramework=net10.0-android]
Resources\izetizer\sp\drawable-xhdpi\splash.png : error APT2261: file failed to compile. [D:\Projetos\Money.Mobile\Money\Money.csproj::TargetFramework=net10.0-android]
Resources\izetizer\sp\drawable-xhdpi\splash.png : error APT2261:  [D:\Projetos\Money.Mobile\Money\Money.csproj::TargetFramework=net10.0-android]
C:\Program Files\dotnet\packs\Microsoft.Android.Sdk.Windows\36.1.69\tools\Xamarin.Android.Aapt2.targets(123,3): error APT2098: drawable-mdpi_splash.png.flat: error: failed to open file. "drawable-mdpi_splash.png.flat: error: failed to open file.". [D:\Projetos\Money.Mobile\Money\Money.csproj::TargetFramework=net10.0-android]
C:\Program Files\dotnet\packs\Microsoft.Android.Sdk.Windows\36.1.69\tools\Xamarin.Android.Aapt2.targets(123,3): error APT2098:  [D:\Projetos\Money.Mobile\Money\Money.csproj::TargetFramework=net10.0-android]
Resources\izetizer\sp\drawable-mdpi\splash.png : error APT2261: file failed to compile. [D:\Projetos\Money.Mobile\Money\Money.csproj::TargetFramework=net10.0-android]
Resources\izetizer\sp\drawable-mdpi\splash.png : error APT2261:  [D:\Projetos\Money.Mobile\Money\Money.csproj::TargetFramework=net10.0-android]
C:\Program Files\dotnet\packs\Microsoft.Android.Sdk.Windows\36.1.69\tools\Xamarin.Android.Aapt2.targets(123,3): error APT2098: drawable-hdpi_splash.png.flat: error: failed to open file. "drawable-hdpi_splash.png.flat: error: failed to open file.". [D:\Projetos\Money.Mobile\Money\Money.csproj::TargetFramework=net10.0-android]
C:\Program Files\dotnet\packs\Microsoft.Android.Sdk.Windows\36.1.69\tools\Xamarin.Android.Aapt2.targets(123,3): error APT2098:  [D:\Projetos\Money.Mobile\Money\Money.csproj::TargetFramework=net10.0-android]
Resources\izetizer\sp\drawable-hdpi\splash.png : error APT2261: file failed to compile. [D:\Projetos\Money.Mobile\Money\Money.csproj::TargetFramework=net10.0-android]
Resources\izetizer\sp\drawable-hdpi\splash.png : error APT2261:  [D:\Projetos\Money.Mobile\Money\Money.csproj::TargetFramework=net10.0-android]

FALHA da compilação.

C:\Program Files\dotnet\packs\Microsoft.Android.Sdk.Windows\36.1.69\tools\Xamarin.Android.Aapt2.targets(123,3): error APT2098: mipmap-xxxhdpi_appicon_foreground.png.flat: error: failed to open file. "mipmap-xxxhdpi_appicon_foreground.png.flat: error: failed to open file.". [D:\Projetos\Money.Mobile\Money\Money.csproj::TargetFramework=net10.0-android]
C:\Program Files\dotnet\packs\Microsoft.Android.Sdk.Windows\36.1.69\tools\Xamarin.Android.Aapt2.targets(123,3): error APT2098:  [D:\Projetos\Money.Mobile\Money\Money.csproj::TargetFramework=net10.0-android]
Resources\izetizer\r\mipmap-xxxhdpi\appicon_foreground.png : error APT2261: file failed to compile. [D:\Projetos\Money.Mobile\Money\Money.csproj::TargetFramework=net10.0-android]
Resources\izetizer\r\mipmap-xxxhdpi\appicon_foreground.png : error APT2261:  [D:\Projetos\Money.Mobile\Money\Money.csproj::TargetFramework=net10.0-android]
C:\Program Files\dotnet\packs\Microsoft.Android.Sdk.Windows\36.1.69\tools\Xamarin.Android.Aapt2.targets(123,3): error APT2098: mipmap-xxxhdpi_appicon.png.flat: error: failed to open file. "mipmap-xxxhdpi_appicon.png.flat: error: failed to open file.". [D:\Projetos\Money.Mobile\Money\Money.csproj::TargetFramework=net10.0-android]
C:\Program Files\dotnet\packs\Microsoft.Android.Sdk.Windows\36.1.69\tools\Xamarin.Android.Aapt2.targets(123,3): error APT2098:  [D:\Projetos\Money.Mobile\Money\Money.csproj::TargetFramework=net10.0-android]
Resources\izetizer\r\mipmap-xxxhdpi\appicon.png : error APT2261: file failed to compile. [D:\Projetos\Money.Mobile\Money\Money.csproj::TargetFramework=net10.0-android]
Resources\izetizer\r\mipmap-xxxhdpi\appicon.png : error APT2261:  [D:\Projetos\Money.Mobile\Money\Money.csproj::TargetFramework=net10.0-android]
C:\Program Files\dotnet\packs\Microsoft.Android.Sdk.Windows\36.1.69\tools\Xamarin.Android.Aapt2.targets(123,3): error APT2098: mipmap-xxhdpi_appicon.png.flat: error: failed to open file. "mipmap-xxhdpi_appicon.png.flat: error: failed to open file.". [D:\Projetos\Money.Mobile\Money\Money.csproj::TargetFramework=net10.0-android]
C:\Program Files\dotnet\packs\Microsoft.Android.Sdk.Windows\36.1.69\tools\Xamarin.Android.Aapt2.targets(123,3): error APT2098:  [D:\Projetos\Money.Mobile\Money\Money.csproj::TargetFramework=net10.0-android]
Resources\izetizer\r\mipmap-xxhdpi\appicon.png : error APT2261: file failed to compile. [D:\Projetos\Money.Mobile\Money\Money.csproj::TargetFramework=net10.0-android]
Resources\izetizer\r\mipmap-xxhdpi\appicon.png : error APT2261:  [D:\Projetos\Money.Mobile\Money\Money.csproj::TargetFramework=net10.0-android]
C:\Program Files\dotnet\packs\Microsoft.Android.Sdk.Windows\36.1.69\tools\Xamarin.Android.Aapt2.targets(123,3): error APT2098: mipmap-hdpi_appicon_round.png.flat: error: failed to open file. "mipmap-hdpi_appicon_round.png.flat: error: failed to open file.". [D:\Projetos\Money.Mobile\Money\Money.csproj::TargetFramework=net10.0-android]
C:\Program Files\dotnet\packs\Microsoft.Android.Sdk.Windows\36.1.69\tools\Xamarin.Android.Aapt2.targets(123,3): error APT2098:  [D:\Projetos\Money.Mobile\Money\Money.csproj::TargetFramework=net10.0-android]
Resources\izetizer\r\mipmap-hdpi\appicon_round.png : error APT2261: file failed to compile. [D:\Projetos\Money.Mobile\Money\Money.csproj::TargetFramework=net10.0-android]
Resources\izetizer\r\mipmap-hdpi\appicon_round.png : error APT2261:  [D:\Projetos\Money.Mobile\Money\Money.csproj::TargetFramework=net10.0-android]
C:\Program Files\dotnet\packs\Microsoft.Android.Sdk.Windows\36.1.69\tools\Xamarin.Android.Aapt2.targets(123,3): error APT2098: mipmap-hdpi_appicon_background.png.flat: error: failed to open file. "mipmap-hdpi_appicon_background.png.flat: error: failed to open file.". [D:\Projetos\Money.Mobile\Money\Money.csproj::TargetFramework=net10.0-android]
C:\Program Files\dotnet\packs\Microsoft.Android.Sdk.Windows\36.1.69\tools\Xamarin.Android.Aapt2.targets(123,3): error APT2098:  [D:\Projetos\Money.Mobile\Money\Money.csproj::TargetFramework=net10.0-android]
Resources\izetizer\r\mipmap-hdpi\appicon_background.png : error APT2261: file failed to compile. [D:\Projetos\Money.Mobile\Money\Money.csproj::TargetFramework=net10.0-android]
Resources\izetizer\r\mipmap-hdpi\appicon_background.png : error APT2261:  [D:\Projetos\Money.Mobile\Money\Money.csproj::TargetFramework=net10.0-android]
C:\Program Files\dotnet\packs\Microsoft.Android.Sdk.Windows\36.1.69\tools\Xamarin.Android.Aapt2.targets(123,3): error APT2098: mipmap-anydpi-v26_appicon_round.xml.flat: error: failed to open file. "mipmap-anydpi-v26_appicon_round.xml.flat: error: failed to open file.". [D:\Projetos\Money.Mobile\Money\Money.csproj::TargetFramework=net10.0-android]
C:\Program Files\dotnet\packs\Microsoft.Android.Sdk.Windows\36.1.69\tools\Xamarin.Android.Aapt2.targets(123,3): error APT2098:  [D:\Projetos\Money.Mobile\Money\Money.csproj::TargetFramework=net10.0-android]
Resources\izetizer\r\mipmap-anydpi-v26\appicon_round.xml : error APT2261: file failed to compile. [D:\Projetos\Money.Mobile\Money\Money.csproj::TargetFramework=net10.0-android]
Resources\izetizer\r\mipmap-anydpi-v26\appicon_round.xml : error APT2261:  [D:\Projetos\Money.Mobile\Money\Money.csproj::TargetFramework=net10.0-android]
C:\Program Files\dotnet\packs\Microsoft.Android.Sdk.Windows\36.1.69\tools\Xamarin.Android.Aapt2.targets(123,3): error APT2098: mipmap-anydpi-v26_appicon.xml.flat: error: failed to open file. "mipmap-anydpi-v26_appicon.xml.flat: error: failed to open file.". [D:\Projetos\Money.Mobile\Money\Money.csproj::TargetFramework=net10.0-android]
C:\Program Files\dotnet\packs\Microsoft.Android.Sdk.Windows\36.1.69\tools\Xamarin.Android.Aapt2.targets(123,3): error APT2098:  [D:\Projetos\Money.Mobile\Money\Money.csproj::TargetFramework=net10.0-android]
Resources\izetizer\r\mipmap-anydpi-v26\appicon.xml : error APT2261: file failed to compile. [D:\Projetos\Money.Mobile\Money\Money.csproj::TargetFramework=net10.0-android]
Resources\izetizer\r\mipmap-anydpi-v26\appicon.xml : error APT2261:  [D:\Projetos\Money.Mobile\Money\Money.csproj::TargetFramework=net10.0-android]
C:\Program Files\dotnet\packs\Microsoft.Android.Sdk.Windows\36.1.69\tools\Xamarin.Android.Aapt2.targets(123,3): error APT2098: drawable-xxxhdpi_splash.png.flat: error: failed to open file. "drawable-xxxhdpi_splash.png.flat: error: failed to open file.". [D:\Projetos\Money.Mobile\Money\Money.csproj::TargetFramework=net10.0-android]
C:\Program Files\dotnet\packs\Microsoft.Android.Sdk.Windows\36.1.69\tools\Xamarin.Android.Aapt2.targets(123,3): error APT2098:  [D:\Projetos\Money.Mobile\Money\Money.csproj::TargetFramework=net10.0-android]
Resources\izetizer\sp\drawable-xxxhdpi\splash.png : error APT2261: file failed to compile. [D:\Projetos\Money.Mobile\Money\Money.csproj::TargetFramework=net10.0-android]
Resources\izetizer\sp\drawable-xxxhdpi\splash.png : error APT2261:  [D:\Projetos\Money.Mobile\Money\Money.csproj::TargetFramework=net10.0-android]
C:\Program Files\dotnet\packs\Microsoft.Android.Sdk.Windows\36.1.69\tools\Xamarin.Android.Aapt2.targets(123,3): error APT2098: drawable-xxhdpi_splash.png.flat: error: failed to open file. "drawable-xxhdpi_splash.png.flat: error: failed to open file.". [D:\Projetos\Money.Mobile\Money\Money.csproj::TargetFramework=net10.0-android]
C:\Program Files\dotnet\packs\Microsoft.Android.Sdk.Windows\36.1.69\tools\Xamarin.Android.Aapt2.targets(123,3): error APT2098:  [D:\Projetos\Money.Mobile\Money\Money.csproj::TargetFramework=net10.0-android]
Resources\izetizer\sp\drawable-xxhdpi\splash.png : error APT2261: file failed to compile. [D:\Projetos\Money.Mobile\Money\Money.csproj::TargetFramework=net10.0-android]
Resources\izetizer\sp\drawable-xxhdpi\splash.png : error APT2261:  [D:\Projetos\Money.Mobile\Money\Money.csproj::TargetFramework=net10.0-android]
C:\Program Files\dotnet\packs\Microsoft.Android.Sdk.Windows\36.1.69\tools\Xamarin.Android.Aapt2.targets(123,3): error APT2098: drawable-v31_maui_splash_image.xml.flat: error: failed to open file. "drawable-v31_maui_splash_image.xml.flat: error: failed to open file.". [D:\Projetos\Money.Mobile\Money\Money.csproj::TargetFramework=net10.0-android]
C:\Program Files\dotnet\packs\Microsoft.Android.Sdk.Windows\36.1.69\tools\Xamarin.Android.Aapt2.targets(123,3): error APT2098:  [D:\Projetos\Money.Mobile\Money\Money.csproj::TargetFramework=net10.0-android]
Resources\izetizer\sp\drawable-v31\maui_splash_image.xml : error APT2261: file failed to compile. [D:\Projetos\Money.Mobile\Money\Money.csproj::TargetFramework=net10.0-android]
Resources\izetizer\sp\drawable-v31\maui_splash_image.xml : error APT2261:  [D:\Projetos\Money.Mobile\Money\Money.csproj::TargetFramework=net10.0-android]
C:\Program Files\dotnet\packs\Microsoft.Android.Sdk.Windows\36.1.69\tools\Xamarin.Android.Aapt2.targets(123,3): error APT2098: drawable_maui_splash_image.xml.flat: error: failed to open file. "drawable_maui_splash_image.xml.flat: error: failed to open file.". [D:\Projetos\Money.Mobile\Money\Money.csproj::TargetFramework=net10.0-android]
C:\Program Files\dotnet\packs\Microsoft.Android.Sdk.Windows\36.1.69\tools\Xamarin.Android.Aapt2.targets(123,3): error APT2098:  [D:\Projetos\Money.Mobile\Money\Money.csproj::TargetFramework=net10.0-android]
Resources\izetizer\sp\drawable\maui_splash_image.xml : error APT2261: file failed to compile. [D:\Projetos\Money.Mobile\Money\Money.csproj::TargetFramework=net10.0-android]
Resources\izetizer\sp\drawable\maui_splash_image.xml : error APT2261:  [D:\Projetos\Money.Mobile\Money\Money.csproj::TargetFramework=net10.0-android]
C:\Program Files\dotnet\packs\Microsoft.Android.Sdk.Windows\36.1.69\tools\Xamarin.Android.Aapt2.targets(123,3): error APT2098: mipmap-xxxhdpi_appicon_background.png.flat: error: failed to open file. "mipmap-xxxhdpi_appicon_background.png.flat: error: failed to open file.". [D:\Projetos\Money.Mobile\Money\Money.csproj::TargetFramework=net10.0-android]
C:\Program Files\dotnet\packs\Microsoft.Android.Sdk.Windows\36.1.69\tools\Xamarin.Android.Aapt2.targets(123,3): error APT2098:  [D:\Projetos\Money.Mobile\Money\Money.csproj::TargetFramework=net10.0-android]
Resources\izetizer\r\mipmap-xxxhdpi\appicon_background.png : error APT2261: file failed to compile. [D:\Projetos\Money.Mobile\Money\Money.csproj::TargetFramework=net10.0-android]
Resources\izetizer\r\mipmap-xxxhdpi\appicon_background.png : error APT2261:  [D:\Projetos\Money.Mobile\Money\Money.csproj::TargetFramework=net10.0-android]
C:\Program Files\dotnet\packs\Microsoft.Android.Sdk.Windows\36.1.69\tools\Xamarin.Android.Aapt2.targets(123,3): error APT2098: mipmap-xxhdpi_appicon_round.png.flat: error: failed to open file. "mipmap-xxhdpi_appicon_round.png.flat: error: failed to open file.". [D:\Projetos\Money.Mobile\Money\Money.csproj::TargetFramework=net10.0-android]
C:\Program Files\dotnet\packs\Microsoft.Android.Sdk.Windows\36.1.69\tools\Xamarin.Android.Aapt2.targets(123,3): error APT2098:  [D:\Projetos\Money.Mobile\Money\Money.csproj::TargetFramework=net10.0-android]
Resources\izetizer\r\mipmap-xxhdpi\appicon_round.png : error APT2261: file failed to compile. [D:\Projetos\Money.Mobile\Money\Money.csproj::TargetFramework=net10.0-android]
Resources\izetizer\r\mipmap-xxhdpi\appicon_round.png : error APT2261:  [D:\Projetos\Money.Mobile\Money\Money.csproj::TargetFramework=net10.0-android]
C:\Program Files\dotnet\packs\Microsoft.Android.Sdk.Windows\36.1.69\tools\Xamarin.Android.Aapt2.targets(123,3): error APT2098: mipmap-xxhdpi_appicon_background.png.flat: error: failed to open file. "mipmap-xxhdpi_appicon_background.png.flat: error: failed to open file.". [D:\Projetos\Money.Mobile\Money\Money.csproj::TargetFramework=net10.0-android]
C:\Program Files\dotnet\packs\Microsoft.Android.Sdk.Windows\36.1.69\tools\Xamarin.Android.Aapt2.targets(123,3): error APT2098:  [D:\Projetos\Money.Mobile\Money\Money.csproj::TargetFramework=net10.0-android]
Resources\izetizer\r\mipmap-xxhdpi\appicon_background.png : error APT2261: file failed to compile. [D:\Projetos\Money.Mobile\Money\Money.csproj::TargetFramework=net10.0-android]
Resources\izetizer\r\mipmap-xxhdpi\appicon_background.png : error APT2261:  [D:\Projetos\Money.Mobile\Money\Money.csproj::TargetFramework=net10.0-android]
C:\Program Files\dotnet\packs\Microsoft.Android.Sdk.Windows\36.1.69\tools\Xamarin.Android.Aapt2.targets(123,3): error APT2098: mipmap-xhdpi_appicon_round.png.flat: error: failed to open file. "mipmap-xhdpi_appicon_round.png.flat: error: failed to open file.". [D:\Projetos\Money.Mobile\Money\Money.csproj::TargetFramework=net10.0-android]
C:\Program Files\dotnet\packs\Microsoft.Android.Sdk.Windows\36.1.69\tools\Xamarin.Android.Aapt2.targets(123,3): error APT2098:  [D:\Projetos\Money.Mobile\Money\Money.csproj::TargetFramework=net10.0-android]
Resources\izetizer\r\mipmap-xhdpi\appicon_round.png : error APT2261: file failed to compile. [D:\Projetos\Money.Mobile\Money\Money.csproj::TargetFramework=net10.0-android]
Resources\izetizer\r\mipmap-xhdpi\appicon_round.png : error APT2261:  [D:\Projetos\Money.Mobile\Money\Money.csproj::TargetFramework=net10.0-android]
C:\Program Files\dotnet\packs\Microsoft.Android.Sdk.Windows\36.1.69\tools\Xamarin.Android.Aapt2.targets(123,3): error APT2098: mipmap-mdpi_appicon.png.flat: error: failed to open file. "mipmap-mdpi_appicon.png.flat: error: failed to open file.". [D:\Projetos\Money.Mobile\Money\Money.csproj::TargetFramework=net10.0-android]
C:\Program Files\dotnet\packs\Microsoft.Android.Sdk.Windows\36.1.69\tools\Xamarin.Android.Aapt2.targets(123,3): error APT2098:  [D:\Projetos\Money.Mobile\Money\Money.csproj::TargetFramework=net10.0-android]
Resources\izetizer\r\mipmap-mdpi\appicon.png : error APT2261: file failed to compile. [D:\Projetos\Money.Mobile\Money\Money.csproj::TargetFramework=net10.0-android]
Resources\izetizer\r\mipmap-mdpi\appicon.png : error APT2261:  [D:\Projetos\Money.Mobile\Money\Money.csproj::TargetFramework=net10.0-android]
C:\Program Files\dotnet\packs\Microsoft.Android.Sdk.Windows\36.1.69\tools\Xamarin.Android.Aapt2.targets(123,3): error APT2098: mipmap-hdpi_appicon_foreground.png.flat: error: failed to open file. "mipmap-hdpi_appicon_foreground.png.flat: error: failed to open file.". [D:\Projetos\Money.Mobile\Money\Money.csproj::TargetFramework=net10.0-android]
C:\Program Files\dotnet\packs\Microsoft.Android.Sdk.Windows\36.1.69\tools\Xamarin.Android.Aapt2.targets(123,3): error APT2098:  [D:\Projetos\Money.Mobile\Money\Money.csproj::TargetFramework=net10.0-android]
Resources\izetizer\r\mipmap-hdpi\appicon_foreground.png : error APT2261: file failed to compile. [D:\Projetos\Money.Mobile\Money\Money.csproj::TargetFramework=net10.0-android]
Resources\izetizer\r\mipmap-hdpi\appicon_foreground.png : error APT2261:  [D:\Projetos\Money.Mobile\Money\Money.csproj::TargetFramework=net10.0-android]
C:\Program Files\dotnet\packs\Microsoft.Android.Sdk.Windows\36.1.69\tools\Xamarin.Android.Aapt2.targets(123,3): error APT2098: mipmap-hdpi_appicon.png.flat: error: failed to open file. "mipmap-hdpi_appicon.png.flat: error: failed to open file.". [D:\Projetos\Money.Mobile\Money\Money.csproj::TargetFramework=net10.0-android]
C:\Program Files\dotnet\packs\Microsoft.Android.Sdk.Windows\36.1.69\tools\Xamarin.Android.Aapt2.targets(123,3): error APT2098:  [D:\Projetos\Money.Mobile\Money\Money.csproj::TargetFramework=net10.0-android]
Resources\izetizer\r\mipmap-hdpi\appicon.png : error APT2261: file failed to compile. [D:\Projetos\Money.Mobile\Money\Money.csproj::TargetFramework=net10.0-android]
Resources\izetizer\r\mipmap-hdpi\appicon.png : error APT2261:  [D:\Projetos\Money.Mobile\Money\Money.csproj::TargetFramework=net10.0-android]
C:\Program Files\dotnet\packs\Microsoft.Android.Sdk.Windows\36.1.69\tools\Xamarin.Android.Aapt2.targets(123,3): error APT2101: values_maui_colors.arsc.flat: error: failed to open. "values_maui_colors.arsc.flat: error: failed to open.". [D:\Projetos\Money.Mobile\Money\Money.csproj::TargetFramework=net10.0-android]
C:\Program Files\dotnet\packs\Microsoft.Android.Sdk.Windows\36.1.69\tools\Xamarin.Android.Aapt2.targets(123,3): error APT2101:  [D:\Projetos\Money.Mobile\Money\Money.csproj::TargetFramework=net10.0-android]
Resources\izetizer\sp\values\maui_colors.xml : error APT2261: file failed to compile. [D:\Projetos\Money.Mobile\Money\Money.csproj::TargetFramework=net10.0-android]
Resources\izetizer\sp\values\maui_colors.xml : error APT2261:  [D:\Projetos\Money.Mobile\Money\Money.csproj::TargetFramework=net10.0-android]
C:\Program Files\dotnet\packs\Microsoft.Android.Sdk.Windows\36.1.69\tools\Xamarin.Android.Aapt2.targets(123,3): error APT2098: drawable-xhdpi_splash.png.flat: error: failed to open file. "drawable-xhdpi_splash.png.flat: error: failed to open file.". [D:\Projetos\Money.Mobile\Money\Money.csproj::TargetFramework=net10.0-android]
C:\Program Files\dotnet\packs\Microsoft.Android.Sdk.Windows\36.1.69\tools\Xamarin.Android.Aapt2.targets(123,3): error APT2098:  [D:\Projetos\Money.Mobile\Money\Money.csproj::TargetFramework=net10.0-android]
Resources\izetizer\sp\drawable-xhdpi\splash.png : error APT2261: file failed to compile. [D:\Projetos\Money.Mobile\Money\Money.csproj::TargetFramework=net10.0-android]
Resources\izetizer\sp\drawable-xhdpi\splash.png : error APT2261:  [D:\Projetos\Money.Mobile\Money\Money.csproj::TargetFramework=net10.0-android]
C:\Program Files\dotnet\packs\Microsoft.Android.Sdk.Windows\36.1.69\tools\Xamarin.Android.Aapt2.targets(123,3): error APT2098: drawable-mdpi_splash.png.flat: error: failed to open file. "drawable-mdpi_splash.png.flat: error: failed to open file.". [D:\Projetos\Money.Mobile\Money\Money.csproj::TargetFramework=net10.0-android]
C:\Program Files\dotnet\packs\Microsoft.Android.Sdk.Windows\36.1.69\tools\Xamarin.Android.Aapt2.targets(123,3): error APT2098:  [D:\Projetos\Money.Mobile\Money\Money.csproj::TargetFramework=net10.0-android]
Resources\izetizer\sp\drawable-mdpi\splash.png : error APT2261: file failed to compile. [D:\Projetos\Money.Mobile\Money\Money.csproj::TargetFramework=net10.0-android]
Resources\izetizer\sp\drawable-mdpi\splash.png : error APT2261:  [D:\Projetos\Money.Mobile\Money\Money.csproj::TargetFramework=net10.0-android]
C:\Program Files\dotnet\packs\Microsoft.Android.Sdk.Windows\36.1.69\tools\Xamarin.Android.Aapt2.targets(123,3): error APT2098: drawable-hdpi_splash.png.flat: error: failed to open file. "drawable-hdpi_splash.png.flat: error: failed to open file.". [D:\Projetos\Money.Mobile\Money\Money.csproj::TargetFramework=net10.0-android]
C:\Program Files\dotnet\packs\Microsoft.Android.Sdk.Windows\36.1.69\tools\Xamarin.Android.Aapt2.targets(123,3): error APT2098:  [D:\Projetos\Money.Mobile\Money\Money.csproj::TargetFramework=net10.0-android]
Resources\izetizer\sp\drawable-hdpi\splash.png : error APT2261: file failed to compile. [D:\Projetos\Money.Mobile\Money\Money.csproj::TargetFramework=net10.0-android]
Resources\izetizer\sp\drawable-hdpi\splash.png : error APT2261:  [D:\Projetos\Money.Mobile\Money\Money.csproj::TargetFramework=net10.0-android]
    0 Aviso(s)
    44 Erro(s)

Tempo Decorrido 00:00:26.73
